eeschema (2013-07-07 BZR 4022)-stable  >> Creation date: 19/03/2022 16:27:34
#Cmp ( ordre = Référence )
| C1         100pF       
| C2         4.7µF      
| C3         120pF       
| C4         470µF      
| C5         100nF       
| C6         100nF       
| C7         100nF       
| C8         100nF       
| C9         100nF       
| C10        100nF       
| C11        100nF       
| C12        100nF       
| C13        100nF       
| C14        100nF       
| C15        100nF       
| C16        47µF       
| C17        100nF       
| D1         1N4004      
| JP1        INV_AB      
| OSC1       8MHz        
| P1         EXPANSION   
| P2         FDC 34      
| P3         5V          
| P4         FLOPPY      
| R1         3.3k        
| R2         2.2k        
| R3         3.9k        
| R4         4.7k        
| R5         150         
| R6         150         
| R7         150         
| R8         150         
| R9         4.7k        
| R10        2.2k        
| R11        2.2k        
| R12        1k          
| R13        4.7k        
| R14        4.7k        
| R15        4.7k        
| RV1        2.2k        
| SW1        RESET       
| U1         74HCT541    
| U2         74HCT541    
| U3         74HCT245    
| U4         74LS221     
| U5         74HCT541    
| U6         27C128      
| U7         EPM7128     
| U8         MB8877A     
| U9         FDC9216B    
| U10        74LS06      
| U11        74LS156     
#End Cmp

#Cmp ( ordre = Valeur )
| 100pF        C1        
| 120pF        C3        
| 100nF        C5        
| 100nF        C6        
| 100nF        C7        
| 100nF        C8        
| 100nF        C9        
| 100nF        C10       
| 100nF        C11       
| 100nF        C12       
| 100nF        C13       
| 100nF        C14       
| 100nF        C15       
| 100nF        C17       
| 4.7µF       C2        
| 470µF       C4        
| 47µF        C16       
| 1N4004       D1        
| INV_AB       JP1       
| 8MHz         OSC1      
| EXPANSION    P1        
| FDC 34       P2        
| 5V           P3        
| FLOPPY       P4        
| 150          R5        
| 150          R6        
| 150          R7        
| 150          R8        
| 1k           R12       
| 2.2k         R2        
| 2.2k         R10       
| 2.2k         R11       
| 3.3k         R1        
| 3.9k         R3        
| 4.7k         R4        
| 4.7k         R9        
| 4.7k         R13       
| 4.7k         R14       
| 4.7k         R15       
| 2.2k         RV1       
| RESET        SW1       
| FDC9216B     U9        
| 74HCT541     U1        
| 74HCT541     U2        
| 74HCT245     U3        
| 74LS221      U4        
| 74HCT541     U5        
| 27C128       U6        
| EPM7128      U7        
| MB8877A      U8        
| 74LS06       U10       
| 74LS156      U11       
#End Cmp

#End List
